Warning[w57]: The file C:\Users\Egehan\Desktop\Work\micro-calisma\assembly\deneme3\Debug\Obj\asm.r43 is empty and will be ignored.
################################################################################
#                                                                              #
#      IAR Universal Linker V6.4.6.89                                          #
#                                                                              #
#           Link time     =  30/Mar/2017  15:34:23                             #
#           Target CPU    =  MSP430                                            #
#           List file     =  C:\Users\Egehan\Desktop\Work\micro-calisma\assemb #
#                            ly\deneme3\Debug\List\adasdas.map                 #
#           Output file 1 =  C:\Users\Egehan\Desktop\Work\micro-calisma\assemb #
#                            ly\deneme3\Debug\Exe\adasdas.d43                  #
#                            Format: debug                                     #
#                                                                              #
#                            Using library modules for C-SPY (-rt)             #
#           Command line  =  C:\Users\Egehan\Desktop\Work\micro-calisma\assemb #
#                            ly\deneme3\Debug\Obj\asm.r43                      #
#                            -o                                                #
#                            C:\Users\Egehan\Desktop\Work\micro-calisma\assemb #
#                            ly\deneme3\Debug\Exe\adasdas.d43                  #
#                            -l                                                #
#                            C:\Users\Egehan\Desktop\Work\micro-calisma\assemb #
#                            ly\deneme3\Debug\List\adasdas.map                 #
#                            -xms                                              #
#                            "-IC:\Program Files (x86)\IAR Systems\Embedded Wo #
#                            rkbench 7.4_2\430\LIB\"                           #
#                            -f                                                #
#                            "C:\Program Files (x86)\IAR Systems\Embedded Work #
#                            bench 7.4_2\430\config\linker\lnk430f149.xcl"     #
#                            (-cmsp430 -QCODE_I=CODE_ID -QTLS16_I=TLS16_ID     #
#                            -D__iar_HWMUL=130 -Z(CONST)INFO=1000-10FF         #
#                            -Z(CONST)INFOA=1080-10FF                          #
#                            -Z(CONST)INFOB=1000-107F                          #
#                            -Z(DATA)DATA16_I,DATA16_Z,DATA16_N,TLS16_I=0200-0 #
#                            9FF                                               #
#                            -Z(DATA)DATA16_HEAP+_DATA16_HEAP_SIZE             #
#                            -Z(DATA)CODE_I -Z(DATA)CSTACK+_STACK_SIZE#        #
#                            -Z(CONST)DATA16_C,DATA16_ID,TLS16_ID,DIFUNCT,CHEC #
#                            KSUM=1100-FFDF                                    #
#                            -Z(CODE)CSTART,ISR_CODE,CODE_ID=1100-FFDF         #
#                            -P(CODE)CODE=1100-FFDF -Z(CODE)INTVEC=FFE0-FFFF   #
#                            -Z(CODE)RESET=FFFE-FFFF) -f                       #
#                            "C:\Program Files (x86)\IAR Systems\Embedded Work #
#                            bench 7.4_2\430\config\linker\multiplier.xcl"     #
#                            (-e?Mul8Hw=?Mul8 -e?Mul16Hw=?Mul16                #
#                            -e?Mul16to32uHw=?Mul16to32u                       #
#                            -e?Mul16to32sHw=?Mul16to32s -e?Mul32Hw=?Mul32     #
#                            -e_Mul64iHw=_Mul64i                               #
#                            -e_Mul32u32uto64iHw=_Mul32u32uto64i               #
#                            -e?Mul32fHw=_Mul32f -e_Mul64fHwPtr=_Mul64fPtr)    #
#                            -D_STACK_SIZE=50 -rt -D_DATA16_HEAP_SIZE=50       #
#                            -D_DATA20_HEAP_SIZE=50                            #
#                                                                              #
#                           Copyright (C) 1987-2016 IAR Systems AB.            #
################################################################################





                ****************************************
                *                                      *
                *           CROSS REFERENCE            *
                *                                      *
                ****************************************

                  There are no program entries.


                ****************************************
                *                                      *
                *    AUTOMATIC SYMBOL REDIRECTIONS     *
                *                                      *
                ****************************************

                  There are no automatic symbol redirections.



                ****************************************
                *                                      *
                *              MODULE MAP              *
                *                                      *
                ****************************************


  DEFINED ABSOLUTE ENTRIES
    *************************************************************************

  DEFINED ABSOLUTE ENTRIES
  PROGRAM MODULE, NAME : ?ABS_ENTRY_MOD

Absolute parts
           ENTRY                   ADDRESS         REF BY
           =====                   =======         ======
           _DATA20_HEAP_SIZE       00000050 
           _DATA16_HEAP_SIZE       00000050 
           _STACK_SIZE             00000050 
           __iar_HWMUL             00000130 



                ****************************************
                *                                      *
                *      SEGMENTS IN ADDRESS ORDER       *
                *                                      *
                ****************************************


SEGMENT              SPACE    START ADDRESS   END ADDRESS     SIZE  TYPE  ALIGN
=======              =====    =============   ===========     ====  ====  =====

                ****************************************
                *                                      *
                *        END OF CROSS REFERENCE        *
                *                                      *
                ****************************************

Warning[w75]: The program does not contain any content. If this is not the intent use the content control linker options (-g and -s) or make content __root to ensure that it is included.

 No bytes in any memory

Errors: none
Warnings: 2

